// Jest Snapshot v1, https://goo.gl/fbAQLP

exports[`RegularTitle should render correctly 1`] = `
<DocumentFragment>
  <div>
    <h2
      class="sc-bdnylx cVLySl"
    >
      Luis Salazar
    </h2>
  </div>
</DocumentFragment>
`;
