// Jest Snapshot v1, https://goo.gl/fbAQLP

exports[`SideMenu should render correctly 1`] = `
<DocumentFragment>
  <aside
    class="sc-bdnylx gcnJZm"
  >
    <div
      class="sc-gtssRu gWiSiy"
    >
      <ul>
        <li>
          <a
            aria-current="page"
            class="active"
            href="/"
          >
            <svg
              fill="currentColor"
              height="1em"
              stroke="currentColor"
              stroke-width="0"
              viewBox="0 0 16 16"
              width="1em"
              xmlns="http://www.w3.org/2000/svg"
            >
              <path
                d="M16 7.992C16 3.58 12.416 0 8 0S0 3.58 0 7.992c0 2.43 1.104 4.62 2.832 6.09.016.016.032.016.032.032.144.112.288.224.448.336.08.048.144.111.224.175A7.98 7.98 0 0 0 8.016 16a7.98 7.98 0 0 0 4.48-1.375c.08-.048.144-.111.224-.16.144-.111.304-.223.448-.335.016-.016.032-.016.032-.032 1.696-1.487 2.8-3.676 2.8-6.106zm-8 7.001c-1.504 0-2.88-.48-4.016-1.279.016-.128.048-.255.08-.383a4.17 4.17 0 0 1 .416-.991c.176-.304.384-.576.64-.816.24-.24.528-.463.816-.639.304-.176.624-.304.976-.4A4.15 4.15 0 0 1 8 10.342a4.185 4.185 0 0 1 2.928 1.166c.368.368.656.8.864 1.295.112.288.192.592.24.911A7.03 7.03 0 0 1 8 14.993zm-2.448-7.4a2.49 2.49 0 0 1-.208-1.024c0-.351.064-.703.208-1.023.144-.32.336-.607.576-.847.24-.24.528-.431.848-.575.32-.144.672-.208 1.024-.208.368 0 .704.064 1.024.208.32.144.608.336.848.575.24.24.432.528.576.847.144.32.208.672.208 1.023 0 .368-.064.704-.208 1.023a2.84 2.84 0 0 1-.576.848 2.84 2.84 0 0 1-.848.575 2.715 2.715 0 0 1-2.064 0 2.84 2.84 0 0 1-.848-.575 2.526 2.526 0 0 1-.56-.848zm7.424 5.306c0-.032-.016-.048-.016-.08a5.22 5.22 0 0 0-.688-1.406 4.883 4.883 0 0 0-1.088-1.135 5.207 5.207 0 0 0-1.04-.608 2.82 2.82 0 0 0 .464-.383 4.2 4.2 0 0 0 .624-.784 3.624 3.624 0 0 0 .528-1.934 3.71 3.71 0 0 0-.288-1.47 3.799 3.799 0 0 0-.816-1.199 3.845 3.845 0 0 0-1.2-.8 3.72 3.72 0 0 0-1.472-.287 3.72 3.72 0 0 0-1.472.288 3.631 3.631 0 0 0-1.2.815 3.84 3.84 0 0 0-.8 1.199 3.71 3.71 0 0 0-.288 1.47c0 .352.048.688.144 1.007.096.336.224.64.4.927.16.288.384.544.624.784.144.144.304.271.48.383a5.12 5.12 0 0 0-1.04.624c-.416.32-.784.703-1.088 1.119a4.999 4.999 0 0 0-.688 1.406c-.016.032-.016.064-.016.08C1.776 11.636.992 9.91.992 7.992.992 4.14 4.144.991 8 .991s7.008 3.149 7.008 7.001a6.96 6.96 0 0 1-2.032 4.907z"
              />
            </svg>
          </a>
        </li>
        <li>
          <a
            href="/education"
          >
            <svg
              fill="currentColor"
              height="1em"
              stroke="currentColor"
              stroke-width="0"
              viewBox="0 0 16 16"
              width="1em"
              xmlns="http://www.w3.org/2000/svg"
            >
              <path
                clip-rule="evenodd"
                d="M14.5 2H9l-.35.15-.65.64-.65-.64L7 2H1.5l-.5.5v10l.5.5h5.29l.86.85h.7l.86-.85h5.29l.5-.5v-10l-.5-.5zm-7 10.32l-.18-.17L7 12H2V3h4.79l.74.74-.03 8.58zM14 12H9l-.35.15-.14.13V3.7l.7-.7H14v9zM6 5H3v1h3V5zm0 4H3v1h3V9zM3 7h3v1H3V7zm10-2h-3v1h3V5zm-3 2h3v1h-3V7zm0 2h3v1h-3V9z"
                fill-rule="evenodd"
              />
            </svg>
          </a>
        </li>
        <li>
          <a
            href="/work-experience"
          >
            <svg
              fill="currentColor"
              height="1em"
              stroke="currentColor"
              stroke-width="0"
              viewBox="0 0 16 16"
              width="1em"
              xmlns="http://www.w3.org/2000/svg"
            >
              <path
                d="M14.5 4H11V2.5l-.5-.5h-5l-.5.5V4H1.5l-.5.5v8l.5.5h13l.5-.5v-8l-.5-.5zM6 3h4v1H6V3zm8 2v.76L10 8v-.5L9.51 7h-3L6 7.5V8L2 5.71V5h12zM9 8v1H7V8h2zm-7 4V6.86l4 2.29v.35l.5.5h3l.5-.5v-.31l4-2.28V12H2z"
              />
            </svg>
          </a>
        </li>
        <li>
          <a
            href="/contact"
          >
            <svg
              fill="currentColor"
              height="1em"
              stroke="currentColor"
              stroke-width="0"
              viewBox="0 0 24 24"
              width="1em"
              xmlns="http://www.w3.org/2000/svg"
            >
              <g>
                <path
                  d="M0 0h24v24H0z"
                  fill="none"
                />
                <path
                  d="M22 20.007a1 1 0 0 1-.992.993H2.992A.993.993 0 0 1 2 20.007V19h18V7.3l-8 7.2-10-9V4a1 1 0 0 1 1-1h18a1 1 0 0 1 1 1v16.007zM4.434 5L12 11.81 19.566 5H4.434zM0 15h8v2H0v-2zm0-5h5v2H0v-2z"
                />
              </g>
            </svg>
          </a>
        </li>
      </ul>
    </div>
    <div
      class="sc-gtssRu dARegU"
    >
      <svg
        fill="currentColor"
        height="1em"
        stroke="currentColor"
        stroke-width="0"
        viewBox="0 0 16 16"
        width="1em"
        xmlns="http://www.w3.org/2000/svg"
      >
        <path
          clip-rule="evenodd"
          d="M11.957 6h.05a2.99 2.99 0 0 1 2.116.879 3.003 3.003 0 0 1 0 4.242 2.99 2.99 0 0 1-2.117.879v-1a2.002 2.002 0 0 0 0-4h-.914l-.123-.857a2.49 2.49 0 0 0-2.126-2.122A2.478 2.478 0 0 0 6.231 5.5l-.333.762-.809-.189A2.49 2.49 0 0 0 4.523 6c-.662 0-1.297.263-1.764.732A2.503 2.503 0 0 0 4.523 11h.498v1h-.498a3.486 3.486 0 0 1-2.628-1.16 3.502 3.502 0 0 1 1.958-5.78 3.462 3.462 0 0 1 1.468.04 3.486 3.486 0 0 1 3.657-2.06A3.479 3.479 0 0 1 11.957 6zm-5.25 5.121l1.314 1.314V7h.994v5.4l1.278-1.279.707.707-2.146 2.147h-.708L6 11.829l.707-.708z"
          fill-rule="evenodd"
        />
      </svg>
    </div>
  </aside>
</DocumentFragment>
`;
