// Jest Snapshot v1, https://goo.gl/fbAQLP

exports[`SideMenu should render correctly 1`] = `
<DocumentFragment>
  <div>
    SideMenu
  </div>
</DocumentFragment>
`;
